// Jest Snapshot v1, https://goo.gl/fbAQLP

exports[`<Main /> shoul render the hading 1`] = `
<main>
  <h2>
    React Avan√ßado
  </h2>
</main>
`;
